> Task :buildSrc:compileJava
> Task :buildSrc:compileGroovy NO-SOURCE
> Task :buildSrc:pluginDescriptors
> Task :buildSrc:processResources
> Task :buildSrc:classes
> Task :buildSrc:jar
> Task :buildSrc:assemble
> Task :buildSrc:pluginUnderTestMetadata
> Task :buildSrc:compileTestJava NO-SOURCE
> Task :buildSrc:compileTestGroovy NO-SOURCE
> Task :buildSrc:processTestResources NO-SOURCE
> Task :buildSrc:testClasses UP-TO-DATE
> Task :buildSrc:test NO-SOURCE
> Task :buildSrc:validatePlugins
> Task :buildSrc:check
> Task :buildSrc:build
> Task :application:compileJava
> Task :application:processResources NO-SOURCE
> Task :application:classes

> Task :application:run
org.gradle.sample.app - 1.0.2
com.google.gson - 2.8.6
org.apache.commons.lang3 - 3.10
org.apache.commons.cli - 3.2.2
org.apache.commons.beanutils - 1.9.4

Original: Message{message='null', receivers=[]}
Copy:     Message{message='null', receivers=[]}

BUILD SUCCESSFUL in 0s
2 actionable tasks: 2 executed
