Executed during the 1. INITIALIZATION PHASE.

> Configure project :
Executed during the 2. CONFIGURATION PHASE.
testBoth: Executed during the 2. CONFIGURATION PHASE.

> Task :test
test - doLast: Executed during the 3. EXECUTION PHASE.

> Task :testBoth
testBoth - doFirst: Executed during the 3. EXECUTION PHASE.
testBoth - doLast: Executed during the 3. EXECUTION PHASE.

BUILD SUCCESSFUL in 0s
2 actionable tasks: 2 executed
