Enter userame:
Enter password:
Welcome, secret-user!
doAuthenticated
