Enter userame:
Enter password:
Welcome, secret-properties-user!
Doing authenticated task
