Reusing configuration cache.

> Task :someTask
hello

BUILD SUCCESSFUL in 0s
1 actionable task: 1 executed
